// Jest Snapshot v1, https://jestjs.io/docs/snapshot-testing

exports[`AirlineLayout Snapshot should render the AirlineLayout successfully 1`] = `null`;
