// Jest Snapshot v1, https://jestjs.io/docs/snapshot-testing

exports[`SettingsLayout Snapshot should render the SettingsLayout successfully 1`] = `null`;
