// Jest Snapshot v1, https://jestjs.io/docs/snapshot-testing

exports[`HomeLayout Snapshot should render the HomeLayout successfully 1`] = `null`;
