// Jest Snapshot v1, https://jestjs.io/docs/snapshot-testing

exports[`TotalAirplanes Screen Snapshot should render the TotalAirplanes Screen successfully 1`] = `
<View
  testID="safe-layout"
>
  <Text
    testID="header-title"
  />
  <View
    accessibilityState={
      {
        "busy": undefined,
        "checked": undefined,
        "disabled": undefined,
        "expanded": undefined,
        "selected": undefined,
      }
    }
    accessibilityValue={
      {
        "max": undefined,
        "min": undefined,
        "now": undefined,
        "text": undefined,
      }
    }
    accessible={true}
    collapsable={false}
    focusable={true}
    onClick={[Function]}
    onResponderGrant={[Function]}
    onResponderMove={[Function]}
    onResponderRelease={[Function]}
    onResponderTerminate={[Function]}
    onResponderTerminationRequest={[Function]}
    onStartShouldSetResponder={[Function]}
    style={
      {
        "opacity": 1,
      }
    }
    testID="back-button"
  >
    <Text>
      Back
    </Text>
  </View>
  <RCTScrollView
    contentContainerClassName="px-4"
    contentContainerStyle={
      {
        "paddingBottom": 20,
        "paddingTop": 64,
      }
    }
    data={
      [
        {
          "count": 2000,
          "id": "2",
          "model": "Airbus A320",
        },
        {
          "count": 1500,
          "id": "1",
          "model": "Boeing 737",
        },
      ]
    }
    getItem={[Function]}
    getItemCount={[Function]}
    getItemLayout={[Function]}
    initialNumToRender={6}
    keyExtractor={[Function]}
    maxToRenderPerBatch={4}
    onContentSizeChange={[Function]}
    onLayout={[Function]}
    onMomentumScrollBegin={[Function]}
    onMomentumScrollEnd={[Function]}
    onScroll={[Function]}
    onScrollBeginDrag={[Function]}
    onScrollEndDrag={[Function]}
    removeClippedSubviews={true}
    renderItem={[Function]}
    scrollEventThrottle={16}
    showsVerticalScrollIndicator={false}
    stickyHeaderIndices={[]}
    updateCellsBatchingPeriod={150}
    viewabilityConfigCallbackPairs={[]}
    windowSize={7}
  >
    <View>
      <View
        onFocusCapture={[Function]}
        style={null}
      >
        <View
          testID="airplane-card-2"
        />
      </View>
      <View
        onFocusCapture={[Function]}
        style={null}
      >
        <View
          testID="airplane-card-1"
        />
      </View>
    </View>
  </RCTScrollView>
</View>
`;
