// Jest Snapshot v1, https://jestjs.io/docs/snapshot-testing

exports[`InfrastructureTab Component Snapshot should render the InfrastructureTab Component successfully 1`] = `
<View
  className="px-4 gap-y-4"
>
  <Text
    testID="terminal-section"
  >
    Terminal
  </Text>
  <Text
    testID="runway-section"
  >
    Runway
  </Text>
  <Text
    testID="facilities-section"
  >
    Facilities
  </Text>
  <Text
    testID="cargo-section"
  >
    Cargo
  </Text>
  <Text
    testID="certifications-section"
  >
    Certifications
  </Text>
</View>
`;
