// Jest Snapshot v1, https://jestjs.io/docs/snapshot-testing

exports[`ForgotPassword Screen Snapshot should render the ForgotPassword successfully 1`] = `
<View
  testID="safe-layout"
>
  <Text
    testID="header-title"
  >
    forgotPassword
  </Text>
  <View
    accessibilityState={
      {
        "busy": undefined,
        "checked": undefined,
        "disabled": undefined,
        "expanded": undefined,
        "selected": undefined,
      }
    }
    accessibilityValue={
      {
        "max": undefined,
        "min": undefined,
        "now": undefined,
        "text": undefined,
      }
    }
    accessible={true}
    collapsable={false}
    focusable={true}
    onClick={[Function]}
    onResponderGrant={[Function]}
    onResponderMove={[Function]}
    onResponderRelease={[Function]}
    onResponderTerminate={[Function]}
    onResponderTerminationRequest={[Function]}
    onStartShouldSetResponder={[Function]}
    style={
      {
        "opacity": 1,
      }
    }
    testID="back-button"
  >
    <Text>
      Back
    </Text>
  </View>
  <RCTScrollView
    bottomOffset={50}
    contentContainerClassName="px-4"
    contentContainerStyle={
      {
        "paddingBottom": 20,
        "paddingTop": 64,
      }
    }
    keyboardDismissMode="on-drag"
    keyboardShouldPersistTaps="handled"
    showsVerticalScrollIndicator={false}
  >
    <View>
      <View
        className="gap-y-2"
      >
        <View>
          <Text>
            email
          </Text>
          <TextInput
            accessibilityLabel="email"
            control={{}}
            editable={true}
            keyboardType="email-address"
            name="email"
            onSubmitEditing={[Function]}
            placeholder="emailPlaceholder"
            returnKeyType="done"
            testID="email"
          />
        </View>
      </View>
      <View
        className="mt-6"
      >
        <View
          accessibilityState={
            {
              "busy": undefined,
              "checked": undefined,
              "disabled": false,
              "expanded": undefined,
              "selected": undefined,
            }
          }
          accessibilityValue={
            {
              "max": undefined,
              "min": undefined,
              "now": undefined,
              "text": undefined,
            }
          }
          accessible={true}
          collapsable={false}
          focusable={true}
          onClick={[Function]}
          onResponderGrant={[Function]}
          onResponderMove={[Function]}
          onResponderRelease={[Function]}
          onResponderTerminate={[Function]}
          onResponderTerminationRequest={[Function]}
          onStartShouldSetResponder={[Function]}
          style={
            {
              "opacity": 1,
            }
          }
          testID="submit-button"
        >
          <Text>
            sendResetLink
          </Text>
        </View>
      </View>
    </View>
  </RCTScrollView>
</View>
`;
