// Jest Snapshot v1, https://jestjs.io/docs/snapshot-testing

exports[`ThemedButtonText Component Snapshot should render the ThemedButtonText Component successfully 1`] = `
<View
  accessibilityState={
    {
      "busy": undefined,
      "checked": undefined,
      "disabled": undefined,
      "expanded": undefined,
      "selected": undefined,
    }
  }
  accessibilityValue={
    {
      "max": undefined,
      "min": undefined,
      "now": undefined,
      "text": undefined,
    }
  }
  accessible={true}
  className="flex-row items-center"
  collapsable={false}
  focusable={true}
  hitSlop={20}
  onBlur={[Function]}
  onClick={[Function]}
  onFocus={[Function]}
  onResponderGrant={[Function]}
  onResponderMove={[Function]}
  onResponderRelease={[Function]}
  onResponderTerminate={[Function]}
  onResponderTerminationRequest={[Function]}
  onStartShouldSetResponder={[Function]}
>
  <Text
    color="text-100"
    testID="themed-text"
    type="button2"
  >
    Test Button
  </Text>
</View>
`;
