// Jest Snapshot v1, https://jestjs.io/docs/snapshot-testing

exports[`MaintenanceLayout Snapshot should render the MaintenanceLayout successfully 1`] = `null`;
