// Jest Snapshot v1, https://jestjs.io/docs/snapshot-testing

exports[`Map Component Snapshot should render the Map Component successfully 1`] = `
<View>
  <Text
    className="mb-3"
    color="text-100"
    type="h3"
  />
  <View
    className="rounded-xl overflow-hidden h-64"
  >
    <View
      allowsInlineMediaPlayback={true}
      domStorageEnabled={true}
      javaScriptEnabled={true}
      originWhitelist={
        [
          "*",
        ]
      }
      scalesPageToFit={true}
      source={
        {
          "html": "
    <!DOCTYPE html>
    <html>
    <head>
      <meta charset="utf-8" />
      <meta name="viewport" content="width=device-width, initial-scale=1.0">
      <title>Istanbul Airport HaritasÄ±</title>
      <style>
        body {
          margin: 0;
          padding: 0;
          font-family: 'Segoe UI', Tahoma, Geneva, Verdana, sans-serif;
          background-color: #ffffff;
        }

        .map-container {
          width: 100%;
          height: 250px;
          position: relative;
          overflow: hidden;
          border: 1px solid #e0e0e0; border-radius: 8px;
        }

        iframe {
          width: 100%;
          height: 260px;
          border: none;
          position: absolute;
          top: 0;
          left: 0;
          
        }
      </style>
    </head>
    <body>
      <div class="map-container">
        <iframe
          src="https://maps.google.com/maps?q=41.0082,28.9784&z=12&output=embed"
          allowfullscreen=""
          loading="lazy"
          referrerpolicy="no-referrer-when-downgrade">
        </iframe>
      </div>
    </body>
    </html>
  ",
        }
      }
      startInLoadingState={true}
      style={
        {
          "flex": 1,
        }
      }
      testID="mocked-webview"
      useWebKit={true}
    />
  </View>
</View>
`;
