// Jest Snapshot v1, https://jestjs.io/docs/snapshot-testing

exports[`FavoritesLayout Snapshot should render the FavoritesLayout successfully 1`] = `null`;
