// Jest Snapshot v1, https://jestjs.io/docs/snapshot-testing

exports[`ImageModal Screen Snapshot should render the ImageModal Screen successfully 1`] = `
<View
  testID="safe-layout"
>
  <View
    className="flex-1 bg-background-primary"
  >
    <View
      className="flex-row items-center justify-between p-4 z-10 bg-transparent"
    >
      <View
        className="flex-1 ml-10 mr-4"
      >
        <Text
          center={true}
          color="text-100"
          ellipsizeMode="tail"
          numberOfLines={2}
          type="h3"
        >
          Any Title
        </Text>
      </View>
      <View
        accessibilityState={
          {
            "busy": undefined,
            "checked": undefined,
            "disabled": undefined,
            "expanded": undefined,
            "selected": undefined,
          }
        }
        accessibilityValue={
          {
            "max": undefined,
            "min": undefined,
            "now": undefined,
            "text": undefined,
          }
        }
        accessible={true}
        collapsable={false}
        focusable={true}
        hitSlop={20}
        onClick={[Function]}
        onResponderGrant={[Function]}
        onResponderMove={[Function]}
        onResponderRelease={[Function]}
        onResponderTerminate={[Function]}
        onResponderTerminationRequest={[Function]}
        onStartShouldSetResponder={[Function]}
        style={
          {
            "opacity": 1,
          }
        }
        testID="close-button"
      >
        <Close
          height={24}
          primaryColor="#D1D1D6"
          secondaryColor="#000000"
          width={24}
        />
      </View>
    </View>
    <View
      testID="zoomable"
    >
      <View
        style={
          {
            "alignItems": "center",
            "flex": 1,
            "justifyContent": "center",
          }
        }
      >
        <View
          cachePolicy="memory-disk"
          contentFit="contain"
          source={
            {
              "uri": "path/to/any.jpg",
            }
          }
          style={
            {
              "height": "100%",
              "width": "100%",
            }
          }
          testID="mocked-image"
          transition={0}
        />
      </View>
    </View>
  </View>
</View>
`;
