// Jest Snapshot v1, https://jestjs.io/docs/snapshot-testing

exports[`DiscoverLayout Snapshot should render the DiscoverLayout successfully 1`] = `null`;
