// Jest Snapshot v1, https://jestjs.io/docs/snapshot-testing

exports[`BreakingNewsLayout Snapshot should render the BreakingNewsLayout successfully 1`] = `null`;
