// Jest Snapshot v1, https://jestjs.io/docs/snapshot-testing

exports[`Index Screen Snapshot should render the Index Screen successfully 1`] = `
<View
  testID="full-screen-loading"
/>
`;
