// Jest Snapshot v1, https://jestjs.io/docs/snapshot-testing

exports[`RootLayout Snapshot should render the RootLayout successfully 1`] = `
<View
  className="flex-1"
>
  <View
    className="flex-1"
    style={{}}
  >
    <View
      testID="app-navigator"
    />
  </View>
</View>
`;
